** Drc report for bike-odometer.kicad_pcb **
** Created on 2026-01-16T07:58:51+0000 **

** Found 15 DRC violations **
[clearance]: Clearance violation (netclass 'Default' clearance 0,1500 mm; actual 0,1432 mm)
    Rule: netclass 'Default'; error
    @(151,6000 mm, 90,5957 mm): Track [Net-(U2-DECA)] on F.Cu, length 0,6316 mm
    @(152,1078 mm, 91,0422 mm): Via [GND] on F.Cu - B.Cu
[clearance]: Clearance violation (netclass 'Default' clearance 0,1500 mm; actual 0,1000 mm)
    Rule: netclass 'Default'; error
    @(152,2316 mm, 90,5957 mm): Track [Net-(U2-DECA)] on F.Cu, length 0,4715 mm
    @(152,1078 mm, 91,0422 mm): Via [GND] on F.Cu - B.Cu
[clearance]: Clearance violation (netclass 'Default' clearance 0,1500 mm; actual 0,1217 mm)
    Rule: netclass 'Default'; error
    @(155,7000 mm, 96,7000 mm): Via [GND] on F.Cu - B.Cu
    @(155,2556 mm, 95,9000 mm): Pad 2 [Net-(U2-P1.01)] of Y2 on F.Cu
[clearance]: Clearance violation (netclass 'Default' clearance 0,1500 mm; actual 0,1284 mm)
    Rule: netclass 'Default'; error
    @(153,8556 mm, 95,9000 mm): Pad 1 [Net-(U2-P1.00)] of Y2 on F.Cu
    @(153,4000 mm, 96,7000 mm): Via [GND] on F.Cu - B.Cu
[clearance]: Clearance violation (netclass 'Default' clearance 0,1500 mm; actual 0,1306 mm)
    Rule: netclass 'Default'; error
    @(153,8556 mm, 95,9000 mm): Pad 1 [Net-(U2-P1.00)] of Y2 on F.Cu
    @(153,2000 mm, 95,9000 mm): Via [GND] on F.Cu - B.Cu
[clearance]: Clearance violation (netclass 'Default' clearance 0,1500 mm; actual 0,1257 mm)
    Rule: netclass 'Default'; error
    @(154,5507 mm, 94,5500 mm): Pad 1 [Net-(U2-P1.00)] of U2 on F.Cu
    @(154,1000 mm, 94,4000 mm): Via [GND] on F.Cu - B.Cu
[clearance]: Clearance violation (netclass 'Default' clearance 0,1500 mm; actual 0,1456 mm)
    Rule: netclass 'Default'; error
    @(152,3007 mm, 86,4500 mm): Pad 3 [Net-(U2-XC2)] of Y1 on F.Cu
    @(151,6000 mm, 87,0000 mm): Via [GND] on F.Cu - B.Cu
[clearance]: Clearance violation (netclass 'Default' clearance 0,1500 mm; actual 0,1372 mm)
    Rule: netclass 'Default'; error
    @(155,9000 mm, 95,3000 mm): Via [GND] on F.Cu - B.Cu
    @(155,7507 mm, 94,5500 mm): Pad 4 [unconnected-(U2-P1.03-Pad4)] of U2 on F.Cu
[clearance]: Clearance violation (netclass 'Default' clearance 0,1500 mm; actual 0,1095 mm)
    Rule: netclass 'Default'; error
    @(158,5500 mm, 87,7000 mm): Via [Net-(J1-SWCLK/TCK)] on F.Cu - B.Cu
    @(158,9507 mm, 87,7993 mm): Track [Net-(J1-SWDIO/TMS)] on F.Cu, length 0,1405 mm
[clearance]: Clearance violation (netclass 'Default' clearance 0,1500 mm; actual 0,0500 mm)
    Rule: netclass 'Default'; error
    @(158,5500 mm, 87,7000 mm): Via [Net-(J1-SWCLK/TCK)] on F.Cu - B.Cu
    @(159,0500 mm, 87,7000 mm): Via [Net-(J1-SWDIO/TMS)] on F.Cu - B.Cu
[clearance]: Clearance violation (netclass 'Default' clearance 0,1500 mm; actual 0,1010 mm)
    Rule: netclass 'Default'; error
    @(158,5500 mm, 87,7000 mm): Via [Net-(J1-SWCLK/TCK)] on F.Cu - B.Cu
    @(157,7642 mm, 89,0575 mm): Track [Net-(J1-SWDIO/TMS)] on In2.Cu, length 1,8184 mm
[clearance]: Clearance violation (netclass 'Default' clearance 0,1500 mm; actual 0,1010 mm)
    Rule: netclass 'Default'; error
    @(143,8543 mm, 90,2043 mm): Track [Net-(J1-SWDIO/TMS)] on In2.Cu, length 1,0132 mm
    @(144,7000 mm, 89,8000 mm): Via [Net-(J1-SWCLK/TCK)] on F.Cu - B.Cu
[clearance]: Clearance violation (netclass 'Default' clearance 0,1500 mm; actual 0,1095 mm)
    Rule: netclass 'Default'; error
    @(158,5500 mm, 87,7000 mm): Via [Net-(J1-SWCLK/TCK)] on F.Cu - B.Cu
    @(158,9507 mm, 88,6500 mm): Track [Net-(J1-SWDIO/TMS)] on F.Cu, length 0,8507 mm
[clearance]: Clearance violation (netclass 'Default' clearance 0,1500 mm; actual 0,1010 mm)
    Rule: netclass 'Default'; error
    @(144,8674 mm, 90,2043 mm): Track [Net-(J1-SWDIO/TMS)] on In2.Cu, length 1,6217 mm
    @(144,7000 mm, 89,8000 mm): Via [Net-(J1-SWCLK/TCK)] on F.Cu - B.Cu
[hole_clearance]: Hole clearance violation (board setup constraints hole clearance 0,2500 mm; actual 0,2467 mm)
    Rule: board setup constraints hole; error
    @(155,2556 mm, 95,9000 mm): Pad 2 [Net-(U2-P1.01)] of Y2 on F.Cu
    @(155,7000 mm, 96,7000 mm): Via [GND] on F.Cu - B.Cu

** Found 0 unconnected pads **

** Found 0 Footprint errors **

** End of Report **
